86199@DESKTOP-2CT0QKF MINGW64 ~/Desktop/todolist/loginandregister (master)
$ ls -a
./  ../  download1.jpg  login.html  register.html

86199@DESKTOP-2CT0QKF MINGW64 ~/Desktop/todolist/loginandregister (master)
$ git init
Initialized empty Git repository in C:/Users/86199/Desktop/todolist/loginandregister/.git/

86199@DESKTOP-2CT0QKF MINGW64 ~/Desktop/todolist/loginandregister (master)
$ git status
On branch master

No commits yet

Untracked files:
  (use "git add <file>..." to include in what will be committed)

        download1.jpg
        login.html
        register.html

nothing added to commit but untracked files present (use "git add" to track)

86199@DESKTOP-2CT0QKF MINGW64 ~/Desktop/todolist/loginandregister (master)
$ git add .

86199@DESKTOP-2CT0QKF MINGW64 ~/Desktop/todolist/loginandregister (master)
$ git status
On branch master

No commits yet

Changes to be committed:
  (use "git rm --cached <file>..." to unstage)

        new file:   download1.jpg
        new file:   login.html
        new file:   register.html


86199@DESKTOP-2CT0QKF MINGW64 ~/Desktop/todolist/loginandregister (master)
$ git commit -m"init"
[master (root-commit) 3d19aa6] init
 3 files changed, 53 insertions(+)
 create mode 100644 download1.jpg
 create mode 100644 login.html
 create mode 100644 register.html

86199@DESKTOP-2CT0QKF MINGW64 ~/Desktop/todolist/loginandregister (master)
$ git status
On branch master
nothing to commit, working tree clean

86199@DESKTOP-2CT0QKF MINGW64 ~/Desktop/todolist/loginandregister (master)
$ git remote -v

86199@DESKTOP-2CT0QKF MINGW64 ~/Desktop/todolist/loginandregister (master)
$ git remote add origin git@github.com:Happyzhongzhong/TO-DO-LIST.git

86199@DESKTOP-2CT0QKF MINGW64 ~/Desktop/todolist/loginandregister (master)
$ git remote -v
origin  git@github.com:Happyzhongzhong/TO-DO-LIST.git (fetch)
origin  git@github.com:Happyzhongzhong/TO-DO-LIST.git (push)

86199@DESKTOP-2CT0QKF MINGW64 ~/Desktop/todolist/loginandregister (master)
$ git push origin master
Enumerating objects: 5, done.
Counting objects: 100% (5/5), done.
Delta compression using up to 4 threads
Compressing objects: 100% (4/4), done.
Writing objects: 100% (5/5), 15.50 KiB | 481.00 KiB/s, done.
Total 5 (delta 0), reused 0 (delta 0)
To github.com:Happyzhongzhong/TO-DO-LIST.git
 * [new branch]      master -> master

86199@DESKTOP-2CT0QKF MINGW64 ~/Desktop/todolist/loginandregister (master)
$ git status
On branch master
nothing to commit, working tree clean

86199@DESKTOP-2CT0QKF MINGW64 ~/Desktop/todolist/loginandregister (master)
$ git log
commit 3d19aa62df358ae274e5039fbb6d118c0b70e5ce (HEAD -> master, origin/master)
Author: happyzhonghzhong <532583058@qq.com>
Date:   Mon May 20 20:17:35 2019 +0800

    init

86199@DESKTOP-2CT0QKF MINGW64 ~/Desktop/todolist/loginandregister (master)
$ git branch
* master

86199@DESKTOP-2CT0QKF MINGW64 ~/Desktop/todolist/loginandregister (master)
$ git push
